
> nextjs@0.1.0 build
> next build

node.exe : [baseline-brows
er-mapping] The data in 
this module is over two 
months old.  To ensure 
accurate Baseline data, 
please update: `npm i base
line-browser-mapping@lates
t -D`
At line:1 char:1
+ & "C:\Program 
Files\nodejs/node.exe" 
"C:\Program 
Files\nodejs/node_mo ...
+ ~~~~~~~~~~~~~~~~~~~~~~~~
~~~~~~~~~~~~~~~~~~~~~~~~~~
~~~~~~~~~~~~~~~~~~~
    + CategoryInfo        
      : NotSpecified: ([  
  baseline-brows...ping   
 @latest -D`:String) [    
], RemoteException
    + FullyQualifiedError 
   Id : NativeCommandErr  
  or
 
   Ôû▓ Next.js 16.0.10 (Turbopack)
   - Environments: .env.local

   Creating an optimized production build ...
[baseline-browser-mapping]
 The data in this module 
is over two months old.  
To ensure accurate 
Baseline data, please 
update: `npm i baseline-br
owser-mapping@latest -D`
 Ô£ô Compiled successfully in 18.5s
   Running TypeScript ...
Failed to compile.

.next/types/validator.ts:5
71:31
Type error: Type 'typeof i
mport("C:/Users/josep/Fast
hubcomps/app/products/id/l
ayout")' does not satisfy 
the constraint 'LayoutConf
ig<"/products/id">'.
  Types of property 
'default' are 
incompatible.
    Type '({ children }: 
Props) => Element' is not 
assignable to type 'Compon
entType<LayoutProps<"/prod
ucts/id">> | ((props: Layo
utProps<"/products/id">) 
=> void | ReactNode | 
Promise<ReactNode> | 
Promise<...>)'.
      Type '({ children 
}: Props) => Element' is 
not assignable to type 'Fu
nctionComponent<LayoutProp
s<"/products/id">>'.
        Types of 
parameters '__0' and 
'props' are incompatible.
          Type 'LayoutProp
s<"/products/id">' is not 
assignable to type 
'Props'.
            Types of 
property 'params' are 
incompatible.
              Type 
'Promise<{}>' is not 
assignable to type 
'Promise<{ id: string; 
}>'.
                Property 
'id' is missing in type 
'{}' but required in type 
'{ id: string; }'.

[0m [90m 569 |[39m   
type __IsExpected[33m<[3
9m[33mSpecific[39m 
[36mextends[39m [33mLay
outConfig[39m[33m<[39m
[32m"/products/id"[39m[3
3m>>[39m [33m=[39m 
[33mSpecific[39m
 [90m 570 |[39m   
[36mconst[39m handler 
[33m=[39m {} 
[36mas[39m 
[36mtypeof[39m [36mimpo
rt[39m([32m"../../app/pr
oducts/id/layout.js"[39m)
[31m[1m>[22m[39m[90m 
571 |[39m   type __Check 
[33m=[39m __IsExpected[
33m<[39m[36mtypeof[39m 
handler[33m>[39m
 [90m     |[39m         
                      
[31m[1m^[22m[39m
 [90m 572 |[39m   
[90m// @ts-ignore[39m
 [90m 573 |[39m   type 
__Unused [33m=[39m 
__Check
 [90m 574 |[39m }[0m
Next.js build worker 
exited with code: 1 and 
signal: null
